RegionAS923.c:108:13:VerifyRfFreq	8	static
RegionAS923.c:164:12:RegionAS923GetPhyParam	16	static
RegionAS923.c:381:6:RegionAS923SetBandTxDone	0	static
RegionAS923.c:386:6:RegionAS923InitDefaults	32	static
RegionAS923.c:435:7:RegionAS923GetNvmCtx	0	static
RegionAS923.c:441:6:RegionAS923Verify	8	static
RegionAS923.c:550:6:RegionAS923ChanMaskSet	8	static
RegionAS923.c:570:6:RegionAS923ComputeRxWindowParameters	40	static
RegionAS923.c:590:6:RegionAS923RxConfig	88	static
RegionAS923.c:648:6:RegionAS923TxConfig	88	static
RegionAS923.c:682:9:RegionAS923LinkAdrReq	96	static
RegionAS923.c:787:9:RegionAS923RxParamSetupReq	16	static
RegionAS923.c:865:8:RegionAS923TxParamSetupReq	0	static
RegionAS923.c:871:9:RegionAS923DlChannelReq	8	static
RegionAS923.c:896:8:RegionAS923AlternateDr	0	static
RegionAS923.c:902:6:RegionAS923CalcBackOff	32	static
RegionAS923.c:918:17:RegionAS923NextChannel	72	static
RegionAS923.c:985:17:RegionAS923ChannelAdd	24	static
RegionAS923.c:1044:6:RegionAS923ChannelsRemove	4	static
RegionAS923.c:491:6:RegionAS923ApplyCFList	48	static
RegionAS923.c:812:9:RegionAS923NewChannelReq	16	static
RegionAS923.c:1059:6:RegionAS923SetContinuousWave	16	static
RegionAS923.c:1071:9:RegionAS923ApplyDrOffset	0	static
RegionAS923.c:1086:6:RegionAS923RxBeaconSetup	32	static
