Region.c:574:6:RegionIsActive	0	static
Region.c:595:12:RegionGetPhyParam	8	static
Region.c:617:6:RegionSetBandTxDone	0	static
Region.c:638:6:RegionInitDefaults	0	static
Region.c:659:7:RegionGetNvmCtx	0	static
Region.c:680:6:RegionVerify	0	static
Region.c:701:6:RegionApplyCFList	0	static
Region.c:722:6:RegionChanMaskSet	0	static
Region.c:743:6:RegionComputeRxWindowParameters	4	static
Region.c:764:6:RegionRxConfig	0	static
Region.c:785:6:RegionTxConfig	4	static
Region.c:806:9:RegionLinkAdrReq	8	static
Region.c:827:9:RegionRxParamSetupReq	0	static
Region.c:848:9:RegionNewChannelReq	0	static
Region.c:869:8:RegionTxParamSetupReq	0	static
Region.c:890:9:RegionDlChannelReq	0	static
Region.c:911:8:RegionAlternateDr	0	static
Region.c:932:6:RegionCalcBackOff	0	static
Region.c:953:17:RegionNextChannel	4	static
Region.c:974:17:RegionChannelAdd	0	static
Region.c:995:6:RegionChannelsRemove	0	static
Region.c:1016:6:RegionSetContinuousWave	0	static
Region.c:1037:9:RegionApplyDrOffset	4	static
Region.c:1058:6:RegionRxBeaconSetup	0	static
