RegionAU915.c:119:13:VerifyRfFreq	8	static
RegionAU915.c:178:12:RegionAU915GetPhyParam	16	static
RegionAU915.c:400:6:RegionAU915SetBandTxDone	0	static
RegionAU915.c:405:6:RegionAU915InitDefaults	32	static
RegionAU915.c:476:7:RegionAU915GetNvmCtx	0	static
RegionAU915.c:482:6:RegionAU915Verify	8	static
RegionAU915.c:528:6:RegionAU915ApplyCFList	12	static
RegionAU915.c:556:6:RegionAU915ChanMaskSet	16	static
RegionAU915.c:584:6:RegionAU915ComputeRxWindowParameters	40	static
RegionAU915.c:597:6:RegionAU915RxConfig	88	static
RegionAU915.c:638:6:RegionAU915TxConfig	96	static
RegionAU915.c:664:9:RegionAU915LinkAdrReq	112	static
RegionAU915.c:825:9:RegionAU915RxParamSetupReq	16	static
RegionAU915.c:855:9:RegionAU915NewChannelReq	0	static
RegionAU915.c:861:8:RegionAU915TxParamSetupReq	0	static
RegionAU915.c:867:9:RegionAU915DlChannelReq	0	static
RegionAU915.c:872:8:RegionAU915AlternateDr	0	static
RegionAU915.c:891:6:RegionAU915CalcBackOff	32	static
RegionAU915.c:907:17:RegionAU915NextChannel	136	static
RegionAU915.c:972:17:RegionAU915ChannelAdd	0	static
RegionAU915.c:977:6:RegionAU915ChannelsRemove	0	static
RegionAU915.c:982:6:RegionAU915SetContinuousWave	16	static
RegionAU915.c:994:9:RegionAU915ApplyDrOffset	8	static
RegionAU915.c:1012:6:RegionAU915RxBeaconSetup	32	static
