LoRaMac.c:842:13:OnRadioRxError	0	static
LoRaMac.c:865:13:UpdateRxSlotIdleState	0	static
LoRaMac.c:3006:13:StopRetransmission	0	static
LoRaMac.c:3061:13:CallNvmCtxCallback	0	static
LoRaMac.c:3069:13:EventMacNvmCtxChanged	0	static
LoRaMac.c:3074:13:EventRegionNvmCtxChanged	0	static
LoRaMac.c:3079:13:EventCryptoNvmCtxChanged	0	static
LoRaMac.c:3084:13:EventSecureElementNvmCtxChanged	0	static
LoRaMac.c:3089:13:EventCommandsNvmCtxChanged	0	static
LoRaMac.c:3094:13:EventClassBNvmCtxChanged	0	static
LoRaMac.c:3099:13:EventConfirmQueueNvmCtxChanged	0	static
LoRaMac.c:1906:16:GetMaxAppPayloadWithoutFOptsLength	16	static
LoRaMac.c:1750:13:OnAckTimeoutTimerEvent	8	static
LoRaMac.c:924:13:PrepareRxDoneAbort	8	static
LoRaMac.c:1353:13:HandleRadioRxErrorTimeout	24	static
LoRaMac.c:2561:13:ResetMacParameters	24	static
LoRaMac.c:2628:13:OpenContinuousRxCWindow	8	static
LoRaMac.c:852:13:OnRadioRxTimeout	16	static
LoRaMac.c:829:13:OnRadioTxTimeout	16	static
LoRaMac.c:810:13:OnRadioRxDone	32	static
LoRaMac.c:794:13:OnRadioTxDone	32	static
LoRaMac.c:1816:24:SwitchClass	32	static
LoRaMac.c:2614:13:RxWindowSetup.constprop	16	static
LoRaMac.c:1720:13:OnRxWindow1TimerEvent	0	static
LoRaMac.c:1732:13:OnRxWindow2TimerEvent	0	static
LoRaMac.c:1949:13:ProcessMacCommands.isra.1.constprop	104	static
LoRaMac.c:1456:6:LoRaMacIsBusy	0	static
LoRaMac.c:2643:17:PrepareFrame	48	static
LoRaMac.c:2748:17:SendFrameOnChannel	40	static
LoRaMac.c:2377:24:ScheduleTx	48	static
LoRaMac.c:1694:13:OnTxDelayedTimerEvent	8	static
LoRaMac.c:2253:17:Send	72	static
LoRaMac.c:2339:17:SendReJoinReq	24	static
LoRaMac.c:2819:17:SetTxContinuousWave	24	static
LoRaMac.c:2837:17:SetTxContinuousWave1	8	static
LoRaMac.c:2846:16:GetCtxs	24	static
LoRaMac.c:2861:17:RestoreCtxs	24	static
LoRaMac.c:2910:17:DetermineFrameType	0	static
LoRaMac.c:1658:6:LoRaMacProcess	168	static,ignoring_inline_asm
LoRaMac.c:3115:17:LoRaMacInitialization	96	static
LoRaMac.c:3340:17:LoRaMacStart	0	static
LoRaMac.c:3346:17:LoRaMacStop	8	static
LoRaMac.c:3360:17:LoRaMacQueryTxPossible	48	static
LoRaMac.c:3419:17:LoRaMacMibGetRequestConfirm	16	static
LoRaMac.c:3607:17:LoRaMacMibSetRequestConfirm	40	static
LoRaMac.c:4270:17:LoRaMacChannelAdd	40	static
LoRaMac.c:4290:17:LoRaMacChannelRemove	16	static
LoRaMac.c:4313:17:LoRaMacMcChannelSetup	32	static
LoRaMac.c:4349:17:LoRaMacMcChannelDelete	56	static
LoRaMac.c:4374:9:LoRaMacMcChannelGetGroupId	12	static
LoRaMac.c:4386:17:LoRaMacMcChannelSetupRxParams	32	static
LoRaMac.c:4450:17:LoRaMacMlmeRequest	32	static
LoRaMac.c:4611:17:LoRaMacMcpsRequest	56	static
LoRaMac.c:4723:6:LoRaMacTestSetDutyCycleOn	24	static
