LmHandler.c:526:31:LmHandlerDeviceTimeReq	32	static
LmHandler.c:400:13:LmHandlerJoinRequest	56	static
LmHandler.c:694:13:McpsConfirm	16	static
LmHandler.c:228:24:LmHandlerInit	48	static
LmHandler.c:434:6:LmHandlerJoin	0	static
LmHandler.c:439:23:LmHandlerJoinStatus	40	static
LmHandler.c:353:6:LmHandlerIsBusy	8	static
LmHandler.c:464:24:LmHandlerSend	48	static
LmHandler.c:843:13:MlmeIndication	48	static
LmHandler.c:566:24:LmHandlerPingSlotReq	32	static
LmHandler.c:595:24:LmHandlerRequestClass	56	static
LmHandler.c:663:15:LmHandlerGetCurrentClass	40	static
LmHandler.c:709:13:McpsIndication	32	static
LmHandler.c:673:8:LmHandlerGetCurrentDatarate	40	static
LmHandler.c:756:13:MlmeConfirm	56	static
LmHandler.c:683:17:LmHandlerGetActiveRegion	0	static
LmHandler.c:920:24:LmHandlerPackageRegister	16	static
LmHandler.c:965:6:LmHandlerPackageIsInitialized	0	static
LmHandler.c:373:6:LmHandlerProcess	16	static
LmHandler.c:977:6:LmHandlerPackageIsRunning	0	static
