stm32f4xx_hw.c:99:6:HW_Init	8	static
stm32f4xx_hw.c:147:6:HW_DeInit	8	static
stm32f4xx_hw.c:187:6:HW_GpioInit	80	static
stm32f4xx_hw.c:295:6:SystemClock_Config	104	static
stm32f4xx_hw.c:342:10:HW_GetRandomSeed	0	static
stm32f4xx_hw.c:352:6:HW_GetUniqueId	8	static
stm32f4xx_hw.c:427:6:HW_AdcInit	24	static
stm32f4xx_hw.c:501:6:HW_AdcDeInit	0	static
stm32f4xx_hw.c:512:10:HW_AdcReadChannel	40	static
stm32f4xx_hw.c:364:10:HW_GetTemperatureLevel	8	static
stm32f4xx_hw.c:403:10:HW_GetBatteryLevel	8	static
stm32f4xx_hw.c:557:6:LPM_EnterStopMode	8	static,ignoring_inline_asm
stm32f4xx_hw.c:578:6:LPM_ExitStopMode	96	static,ignoring_inline_asm
stm32f4xx_hw.c:635:6:LPM_EnterSleepMode	0	static
