stm32f4xx_hal_msp.c:42:6:HAL_ADC_MspInit	48	static
stm32f4xx_hal_msp.c:100:6:HAL_RTC_MspDeInit	0	static
stm32f4xx_hal_msp.c:122:6:HAL_SPI_MspInit	56	static
stm32f4xx_hal_msp.c:167:6:HAL_SPI_MspDeInit	8	static
stm32f4xx_hal_msp.c:199:6:HAL_TIM_OC_MspInit	16	static
stm32f4xx_hal_msp.c:224:6:HAL_TIM_OC_MspDeInit	0	static
stm32f4xx_hal_msp.c:249:19:HAL_InitTick	0	static
stm32f4xx_hal_msp.c:260:6:HAL_Delay	8	static
stm32f4xx_hal_msp.c:269:6:HAL_MspInit	8	static
stm32f4xx_hal_msp.c:290:6:HAL_RTC_MspInit	72	static
stm32f4xx_hal_msp.c:327:6:HAL_RTC_AlarmAEventCallback	0	static
stm32f4xx_hal_msp.c:337:6:HAL_GPIO_EXTI_Callback	0	static
stm32f4xx_hal_msp.c:347:11:MSP_GetIRQn	0	static
