stm32f4xx_it.c:74:6:NMI_Handler	0	static
stm32f4xx_it.c:86:6:HardFault_Handler	0	static,ignoring_inline_asm
stm32f4xx_it.c:101:6:MemManage_Handler	0	static
stm32f4xx_it.c:114:6:BusFault_Handler	0	static
stm32f4xx_it.c:127:6:UsageFault_Handler	0	static
stm32f4xx_it.c:140:6:SVC_Handler	0	static
stm32f4xx_it.c:149:6:DebugMon_Handler	0	static
stm32f4xx_it.c:158:6:PendSV_Handler	0	static
stm32f4xx_it.c:167:6:SysTick_Handler	0	static
stm32f4xx_it.c:172:6:TIM2_IRQHandler	0	static
stm32f4xx_it.c:182:6:TIM3_IRQHandler	8	static
stm32f4xx_it.c:231:6:USART1_IRQHandler	8	static
stm32f4xx_it.c:260:6:USART2_IRQHandler	8	static
stm32f4xx_it.c:329:6:SDIO_IRQHandler	0	static
stm32f4xx_it.c:343:6:DMA2_Stream3_IRQHandler	0	static
stm32f4xx_it.c:357:6:DMA2_Stream6_IRQHandler	0	static
stm32f4xx_it.c:368:6:USART3_IRQHandler	0	static
stm32f4xx_it.c:373:6:DMA1_Stream4_IRQHandler	0	static
stm32f4xx_it.c:378:6:RTC_Alarm_IRQHandler	0	static
stm32f4xx_it.c:383:6:EXTI0_IRQHandler	0	static
stm32f4xx_it.c:388:6:EXTI1_IRQHandler	0	static
stm32f4xx_it.c:393:6:EXTI2_IRQHandler	0	static
stm32f4xx_it.c:398:6:EXTI3_IRQHandler	0	static
stm32f4xx_it.c:403:6:EXTI4_IRQHandler	0	static
stm32f4xx_it.c:409:6:EXTI9_5_IRQHandler	8	static
stm32f4xx_it.c:422:6:EXTI15_10_IRQHandler	8	static
