stm32f4xx_it.c:74:6:NMI_Handler	0	static
stm32f4xx_it.c:86:6:HardFault_Handler	0	static,ignoring_inline_asm
stm32f4xx_it.c:101:6:MemManage_Handler	0	static
stm32f4xx_it.c:114:6:BusFault_Handler	0	static
stm32f4xx_it.c:127:6:UsageFault_Handler	0	static
stm32f4xx_it.c:140:6:SVC_Handler	0	static
stm32f4xx_it.c:149:6:DebugMon_Handler	0	static
stm32f4xx_it.c:158:6:PendSV_Handler	0	static
stm32f4xx_it.c:167:6:SysTick_Handler	0	static
stm32f4xx_it.c:172:6:TIM2_IRQHandler	0	static
stm32f4xx_it.c:182:6:TIM3_IRQHandler	8	static
stm32f4xx_it.c:231:6:USART1_IRQHandler	8	static
stm32f4xx_it.c:260:6:USART2_IRQHandler	8	static
stm32f4xx_it.c:326:6:SDIO_IRQHandler	0	static
stm32f4xx_it.c:340:6:DMA2_Stream3_IRQHandler	0	static
stm32f4xx_it.c:354:6:DMA2_Stream6_IRQHandler	0	static
stm32f4xx_it.c:365:6:USART3_IRQHandler	0	static
stm32f4xx_it.c:370:6:DMA1_Stream4_IRQHandler	0	static
stm32f4xx_it.c:375:6:RTC_Alarm_IRQHandler	0	static
stm32f4xx_it.c:380:6:EXTI0_IRQHandler	0	static
stm32f4xx_it.c:385:6:EXTI1_IRQHandler	0	static
stm32f4xx_it.c:390:6:EXTI2_IRQHandler	0	static
stm32f4xx_it.c:395:6:EXTI3_IRQHandler	0	static
stm32f4xx_it.c:400:6:EXTI4_IRQHandler	0	static
stm32f4xx_it.c:406:6:EXTI9_5_IRQHandler	8	static
stm32f4xx_it.c:419:6:EXTI15_10_IRQHandler	8	static
