stm32f4xx_hw.c:99:6:HW_Init	8	static
stm32f4xx_hw.c:147:6:HW_DeInit	8	static
stm32f4xx_hw.c:187:6:HW_GpioInit	80	static
stm32f4xx_hw.c:295:6:SystemClock_Config	112	static
stm32f4xx_hw.c:351:10:HW_GetRandomSeed	0	static
stm32f4xx_hw.c:361:6:HW_GetUniqueId	8	static
stm32f4xx_hw.c:436:6:HW_AdcInit	24	static
stm32f4xx_hw.c:510:6:HW_AdcDeInit	0	static
stm32f4xx_hw.c:521:10:HW_AdcReadChannel	40	static
stm32f4xx_hw.c:373:10:HW_GetTemperatureLevel	8	static
stm32f4xx_hw.c:412:10:HW_GetBatteryLevel	8	static
stm32f4xx_hw.c:566:6:LPM_EnterStopMode	8	static,ignoring_inline_asm
stm32f4xx_hw.c:587:6:LPM_ExitStopMode	96	static,ignoring_inline_asm
stm32f4xx_hw.c:644:6:LPM_EnterSleepMode	0	static
