vcom.c:45:6:vcom_Init	8	static
vcom.c:74:6:vcom_Trace	0	static
vcom.c:79:6:HAL_UART_TxCpltCallback	0	static
vcom.c:85:6:vcom_DMA_TX_IRQHandler	0	static
vcom.c:90:6:vcom_IRQHandler	0	static
vcom.c:95:6:vcom_DeInit	0	static
vcom.c:260:6:vcom_IoInit	48	static
vcom.c:100:6:HAL_UART_MspInit	80	static
vcom.c:282:6:vcom_IoDeInit	40	static
vcom.c:201:6:HAL_UART_MspDeInit	16	static
vcom.c:304:20:COM_Init	8	static
vcom.c:335:20:COM_DeInit	0	static
vcom.c:350:19:COM_Transmit	0	static
vcom.c:361:19:COM_Receive	0	static
vcom.c:371:19:COM_Flush	0	static
vcom.c:383:1:__io_putchar	16	static
vcom.c:397:26:Ymodem_HeaderPktRxCpltCallback	0	static
vcom.c:412:26:Ymodem_DataPktRxCpltCallback	0	static
